Archive member included to satisfy reference by file (symbol)

d:/atmel/studio/7.0/toolchain/avr8/avr8-gnu-toolchain/bin/../lib/gcc/avr/5.4.0/avrxmega6\libgcc.a(_udivmodsi4.o)
                              src/ASF/xmega/drivers/usart/usart.o (__udivmodsi4)
d:/atmel/studio/7.0/toolchain/avr8/avr8-gnu-toolchain/bin/../lib/gcc/avr/5.4.0/avrxmega6\libgcc.a(_exit.o)
                              D:/Atmel/Studio/7.0/Packs/atmel/XMEGAA_DFP/1.1.68/gcc/dev/atxmega256a3bu/avrxmega6/crtatxmega256a3bu.o (exit)
d:/atmel/studio/7.0/toolchain/avr8/avr8-gnu-toolchain/bin/../lib/gcc/avr/5.4.0/avrxmega6\libgcc.a(_copy_data.o)
                              src/ASF/common/services/gfx_mono/gfx_mono_menu.o (__do_copy_data)
d:/atmel/studio/7.0/toolchain/avr8/avr8-gnu-toolchain/bin/../lib/gcc/avr/5.4.0/avrxmega6\libgcc.a(_clear_bss.o)
                              src/ASF/common/services/gfx_mono/gfx_mono_c12832_a1z.o (__do_clear_bss)
d:/atmel/studio/7.0/toolchain/avr8/avr8-gnu-toolchain/bin/../lib/gcc/avr/5.4.0/../../../../avr/lib/avrxmega6\libc.a(memcpy.o)
                              src/ASF/xmega/drivers/nvm/nvm.o (memcpy)
d:/atmel/studio/7.0/toolchain/avr8/avr8-gnu-toolchain/bin/../lib/gcc/avr/5.4.0/../../../../avr/lib/avrxmega6\libc.a(snprintf.o)
                              src/main.o (snprintf)
d:/atmel/studio/7.0/toolchain/avr8/avr8-gnu-toolchain/bin/../lib/gcc/avr/5.4.0/../../../../avr/lib/avrxmega6\libc.a(vfprintf_std.o)
                              d:/atmel/studio/7.0/toolchain/avr8/avr8-gnu-toolchain/bin/../lib/gcc/avr/5.4.0/../../../../avr/lib/avrxmega6\libc.a(snprintf.o) (vfprintf)
d:/atmel/studio/7.0/toolchain/avr8/avr8-gnu-toolchain/bin/../lib/gcc/avr/5.4.0/../../../../avr/lib/avrxmega6\libc.a(strnlen_P.o)
                              d:/atmel/studio/7.0/toolchain/avr8/avr8-gnu-toolchain/bin/../lib/gcc/avr/5.4.0/../../../../avr/lib/avrxmega6\libc.a(vfprintf_std.o) (strnlen_P)
d:/atmel/studio/7.0/toolchain/avr8/avr8-gnu-toolchain/bin/../lib/gcc/avr/5.4.0/../../../../avr/lib/avrxmega6\libc.a(strnlen.o)
                              d:/atmel/studio/7.0/toolchain/avr8/avr8-gnu-toolchain/bin/../lib/gcc/avr/5.4.0/../../../../avr/lib/avrxmega6\libc.a(vfprintf_std.o) (strnlen)
d:/atmel/studio/7.0/toolchain/avr8/avr8-gnu-toolchain/bin/../lib/gcc/avr/5.4.0/../../../../avr/lib/avrxmega6\libc.a(fputc.o)
                              d:/atmel/studio/7.0/toolchain/avr8/avr8-gnu-toolchain/bin/../lib/gcc/avr/5.4.0/../../../../avr/lib/avrxmega6\libc.a(vfprintf_std.o) (fputc)
d:/atmel/studio/7.0/toolchain/avr8/avr8-gnu-toolchain/bin/../lib/gcc/avr/5.4.0/../../../../avr/lib/avrxmega6\libc.a(ultoa_invert.o)
                              d:/atmel/studio/7.0/toolchain/avr8/avr8-gnu-toolchain/bin/../lib/gcc/avr/5.4.0/../../../../avr/lib/avrxmega6\libc.a(vfprintf_std.o) (__ultoa_invert)

Discarded input sections

 .data          0x00000000        0x0 D:/Atmel/Studio/7.0/Packs/atmel/XMEGAA_DFP/1.1.68/gcc/dev/atxmega256a3bu/avrxmega6/crtatxmega256a3bu.o
 .bss           0x00000000        0x0 D:/Atmel/Studio/7.0/Packs/atmel/XMEGAA_DFP/1.1.68/gcc/dev/atxmega256a3bu/avrxmega6/crtatxmega256a3bu.o
 .group         0x00000000        0x8 src/ASF/common/components/display/st7565r/st7565r.o
 .group         0x00000000        0x8 src/ASF/common/components/display/st7565r/st7565r.o
 .group         0x00000000        0x8 src/ASF/common/components/display/st7565r/st7565r.o
 .group         0x00000000        0x8 src/ASF/common/components/display/st7565r/st7565r.o
 .group         0x00000000        0x8 src/ASF/common/components/display/st7565r/st7565r.o
 .group         0x00000000        0x8 src/ASF/common/components/display/st7565r/st7565r.o
 .group         0x00000000        0x8 src/ASF/common/components/display/st7565r/st7565r.o
 .group         0x00000000        0x8 src/ASF/common/components/display/st7565r/st7565r.o
 .group         0x00000000        0x8 src/ASF/common/components/display/st7565r/st7565r.o
 .group         0x00000000        0x8 src/ASF/common/components/display/st7565r/st7565r.o
 .group         0x00000000        0x8 src/ASF/common/components/display/st7565r/st7565r.o
 .group         0x00000000        0x8 src/ASF/common/components/display/st7565r/st7565r.o
 .group         0x00000000        0x8 src/ASF/common/components/display/st7565r/st7565r.o
 .group         0x00000000        0x8 src/ASF/common/components/display/st7565r/st7565r.o
 .group         0x00000000        0x8 src/ASF/common/components/display/st7565r/st7565r.o
 .group         0x00000000        0x8 src/ASF/common/components/display/st7565r/st7565r.o
 .group         0x00000000        0x8 src/ASF/common/components/display/st7565r/st7565r.o
 .group         0x00000000        0x8 src/ASF/common/components/display/st7565r/st7565r.o
 .group         0x00000000        0x8 src/ASF/common/components/display/st7565r/st7565r.o
 .group         0x00000000        0x8 src/ASF/common/components/display/st7565r/st7565r.o
[...]
Memory Configuration

Name             Origin             Length             Attributes
text             0x00000000         0x00100000         xr
data             0x00802000         0x0000ffa0         rw !x
eeprom           0x00810000         0x00010000         rw !x
fuse             0x00820000         0x00000006         rw !x
lock             0x00830000         0x00000400         rw !x
signature        0x00840000         0x00000400         rw !x
user_signatures  0x00850000         0x00000400         rw !x
*default*        0x00000000         0xffffffff

Linker script and memory map

LOAD D:/Atmel/Studio/7.0/Packs/atmel/XMEGAA_DFP/1.1.68/gcc/dev/atxmega256a3bu/avrxmega6/crtatxmega256a3bu.o
LOAD src/ASF/common/components/display/st7565r/st7565r.o
LOAD src/ASF/common/services/gfx_mono/gfx_mono_c12832_a1z.o
LOAD src/ASF/xmega/drivers/usart/usart.o
LOAD src/ASF/common/services/spi/xmega_usart_spi/usart_spi.o
LOAD src/ASF/common/services/spi/xmega_spi/spi_master.o
LOAD src/ASF/common/services/gfx_mono/gfx_mono_framebuffer.o
LOAD src/ASF/common/services/gfx_mono/gfx_mono_generic.o
LOAD src/ASF/common/services/clock/xmega/sysclk.o
LOAD src/ASF/common/services/gfx_mono/gfx_mono_menu.o
LOAD src/ASF/xmega/drivers/nvm/nvm.o
LOAD src/ASF/xmega/drivers/spi/spi.o
LOAD src/ASF/xmega/drivers/nvm/nvm_asm.o
LOAD src/ASF/xmega/drivers/cpu/ccp.o
LOAD src/ASF/common/services/gfx_mono/gfx_mono_text.o
LOAD src/ASF/common/services/gfx_mono/sysfont.o
LOAD src/ASF/common/services/ioport/xmega/ioport_compat.o
LOAD src/ASF/xmega/boards/xmega_a3bu_xplained/init.o
LOAD src/main.o
START GROUP
LOAD d:/atmel/studio/7.0/toolchain/avr8/avr8-gnu-toolchain/bin/../lib/gcc/avr/5.4.0/../../../../avr/lib/avrxmega6\libm.a
END GROUP
Address of section .BOOT set to 0x40000
START GROUP
LOAD d:/atmel/studio/7.0/toolchain/avr8/avr8-gnu-toolchain/bin/../lib/gcc/avr/5.4.0/avrxmega6\libgcc.a
LOAD d:/atmel/studio/7.0/toolchain/avr8/avr8-gnu-toolchain/bin/../lib/gcc/avr/5.4.0/../../../../avr/lib/avrxmega6\libm.a
LOAD d:/atmel/studio/7.0/toolchain/avr8/avr8-gnu-toolchain/bin/../lib/gcc/avr/5.4.0/../../../../avr/lib/avrxmega6\libc.a
LOAD D:/Atmel/Studio/7.0/Packs/atmel/XMEGAA_DFP/1.1.68/gcc/dev/atxmega256a3bu/avrxmega6\libatxmega256a3bu.a
END GROUP
                0x00000000                __TEXT_REGION_ORIGIN__ = DEFINED (__TEXT_REGION_ORIGIN__)?__TEXT_REGION_ORIGIN__:0x0
                0x00802000                __DATA_REGION_ORIGIN__ = DEFINED (__DATA_REGION_ORIGIN__)?__DATA_REGION_ORIGIN__:0x802000
                0x00100000                __TEXT_REGION_LENGTH__ = DEFINED (__TEXT_REGION_LENGTH__)?__TEXT_REGION_LENGTH__:0x100000
                0x0000ffa0                __DATA_REGION_LENGTH__ = DEFINED (__DATA_REGION_LENGTH__)?__DATA_REGION_LENGTH__:0xffa0
                0x00010000                __EEPROM_REGION_LENGTH__ = DEFINED (__EEPROM_REGION_LENGTH__)?__EEPROM_REGION_LENGTH__:0x10000
                [0x00000006]                __FUSE_REGION_LENGTH__ = DEFINED (__FUSE_REGION_LENGTH__)?__FUSE_REGION_LENGTH__:0x400
                0x00000400                __LOCK_REGION_LENGTH__ = DEFINED (__LOCK_REGION_LENGTH__)?__LOCK_REGION_LENGTH__:0x400
                0x00000400                __SIGNATURE_REGION_LENGTH__ = DEFINED (__SIGNATURE_REGION_LENGTH__)?__SIGNATURE_REGION_LENGTH__:0x400
                0x00000400                __USER_SIGNATURE_REGION_LENGTH__ = DEFINED (__USER_SIGNATURE_REGION_LENGTH__)?__USER_SIGNATURE_REGION_LENGTH__:0x400

.hash
 *(.hash)

.dynsym
 *(.dynsym)

.dynstr
 *(.dynstr)

.gnu.version
 *(.gnu.version)

.gnu.version_d
 *(.gnu.version_d)

.gnu.version_r
 *(.gnu.version_r)

.rel.init
 *(.rel.init)

.rela.init
 *(.rela.init)

.rel.text
 *(.rel.text)
 *(.rel.text.*)
 *(.rel.gnu.linkonce.t*)

.rela.text
 *(.rela.text)
 *(.rela.text.*)
 *(.rela.gnu.linkonce.t*)

.rel.fini
 *(.rel.fini)

.rela.fini
 *(.rela.fini)

.rel.rodata
 *(.rel.rodata)
 *(.rel.rodata.*)
 *(.rel.gnu.linkonce.r*)

.rela.rodata
 *(.rela.rodata)
 *(.rela.rodata.*)
 *(.rela.gnu.linkonce.r*)

.rel.data
 *(.rel.data)
 *(.rel.data.*)
 *(.rel.gnu.linkonce.d*)

.rela.data
 *(.rela.data)
 *(.rela.data.*)
 *(.rela.gnu.linkonce.d*)

.rel.ctors
 *(.rel.ctors)

.rela.ctors
 *(.rela.ctors)

.rel.dtors
 *(.rel.dtors)

.rela.dtors
 *(.rela.dtors)

.rel.got
 *(.rel.got)

.rela.got
 *(.rela.got)

.rel.bss
 *(.rel.bss)

.rela.bss
 *(.rela.bss)

.rel.plt
 *(.rel.plt)

.rela.plt
 *(.rela.plt)

.text           0x00000000     0x1adc
 *(.vectors)
 .vectors       0x00000000      0x1fc D:/Atmel/Studio/7.0/Packs/atmel/XMEGAA_DFP/1.1.68/gcc/dev/atxmega256a3bu/avrxmega6/crtatxmega256a3bu.o
                0x00000000                __vector_default
                0x00000000                __vectors
 *(.vectors)
 *(.progmem.gcc*)
                0x000001fc                . = ALIGN (0x2)
                0x000001fc                __trampolines_start = .
 *(.trampolines)
 .trampolines   0x000001fc        0x0 linker stubs
 *(.trampolines*)
                0x000001fc                __trampolines_end = .
 *libprintf_flt.a:*(.progmem.data)
 *libc.a:*(.progmem.data)
 *(.progmem*)
 .progmem.data.sysfont_glyphs
                0x000001fc      0x292 src/ASF/common/services/gfx_mono/sysfont.o
                0x0000048e                . = ALIGN (0x2)
 *(.jumptables)
 *(.jumptables*)
 *(.lowtext)
 *(.lowtext*)
                0x0000048e                __ctors_start = .
 *(.ctors)
                0x0000048e                __ctors_end = .
                0x0000048e                __dtors_start = .
 *(.dtors)
                0x0000048e                __dtors_end = .
 SORT(*)(.ctors)
 SORT(*)(.dtors)
 *(.init0)
 .init0         0x0000048e        0x0 D:/Atmel/Studio/7.0/Packs/atmel/XMEGAA_DFP/1.1.68/gcc/dev/atxmega256a3bu/avrxmega6/crtatxmega256a3bu.o
                0x0000048e                __init
 *(.init0)
 *(.init1)
 *(.init1)
 *(.init2)
 .init2         0x0000048e       0x10 D:/Atmel/Studio/7.0/Packs/atmel/XMEGAA_DFP/1.1.68/gcc/dev/atxmega256a3bu/avrxmega6/crtatxmega256a3bu.o
 *(.init2)
 *(.init3)
 *(.init3)
 *(.init4)
 .init4         0x0000049e       0x1a d:/atmel/studio/7.0/toolchain/avr8/avr8-gnu-toolchain/bin/../lib/gcc/avr/5.4.0/avrxmega6\libgcc.a(_copy_data.o)
                0x0000049e                __do_copy_data
 .init4         0x000004b8       0x10 d:/atmel/studio/7.0/toolchain/avr8/avr8-gnu-toolchain/bin/../lib/gcc/avr/5.4.0/avrxmega6\libgcc.a(_clear_bss.o)
                0x000004b8                __do_clear_bss
 *(.init4)
 *(.init5)
 *(.init5)
 *(.init6)
 *(.init6)
 *(.init7)
 *(.init7)
 *(.init8)
 *(.init8)
 *(.init9)
 .init9         0x000004c8        0x6 D:/Atmel/Studio/7.0/Packs/atmel/XMEGAA_DFP/1.1.68/gcc/dev/atxmega256a3bu/avrxmega6/crtatxmega256a3bu.o
 *(.init9)
 *(.text)
 .text          0x000004ce        0x2 D:/Atmel/Studio/7.0/Packs/atmel/XMEGAA_DFP/1.1.68/gcc/dev/atxmega256a3bu/avrxmega6/crtatxmega256a3bu.o
                0x000004ce                __vector_38
                0x000004ce                __vector_104
                0x000004ce                __vector_22
                0x000004ce                __vector_63
                0x000004ce                __vector_28
                0x000004ce                __vector_67
                0x000004ce                __vector_1
                0x000004ce                __vector_119
                0x000004ce                __vector_32
                0x000004ce                __vector_75
                0x000004ce                __vector_71
                0x000004ce                __vector_91
                0x000004ce                __vector_34
                0x000004ce                __vector_62
                0x000004ce                __vector_77
                0x000004ce                __vector_102
                0x000004ce                __vector_24
                0x000004ce                __vector_12
                0x000004ce                __vector_55
                0x000004ce                __vector_69
                0x000004ce                __vector_81
                0x000004ce                __vector_90
                0x000004ce                __vector_46
                0x000004ce                __bad_interrupt
                0x000004ce                __vector_122
                0x000004ce                __vector_72
                0x000004ce                __vector_114
                0x000004ce                __vector_6
                0x000004ce                __vector_110
                0x000004ce                __vector_31
                0x000004ce                __vector_92
                0x000004ce                __vector_35
                0x000004ce                __vector_78
                0x000004ce                __vector_74
                0x000004ce                __vector_117
                0x000004ce                __vector_39
                0x000004ce                __vector_107
                0x000004ce                __vector_3
                0x000004ce                __vector_105
                0x000004ce                __vector_98
                0x000004ce                __vector_23
                0x000004ce                __vector_68
                0x000004ce                __vector_30
                0x000004ce                __vector_73
                0x000004ce                __vector_45
                0x000004ce                __vector_25
                0x000004ce                __vector_93
                0x000004ce                __vector_61
                0x000004ce                __vector_11
                0x000004ce                __vector_54
                0x000004ce                __vector_99
                0x000004ce                __vector_13
                0x000004ce                __vector_17
                0x000004ce                __vector_19
                0x000004ce                __vector_56
                0x000004ce                __vector_7
                0x000004ce                __vector_125
                0x000004ce                __vector_49
                0x000004ce                __vector_123
                0x000004ce                __vector_41
                0x000004ce                __vector_86
                0x000004ce                __vector_100
                0x000004ce                __vector_101
                0x000004ce                __vector_64
                0x000004ce                __vector_88
                0x000004ce                __vector_109
                0x000004ce                __vector_43
                0x000004ce                __vector_27
                0x000004ce                __vector_5
                0x000004ce                __vector_113
                0x000004ce                __vector_33
                0x000004ce                __vector_76
                0x000004ce                __vector_115
                0x000004ce                __vector_47
                0x000004ce                __vector_52
                0x000004ce                __vector_37
                0x000004ce                __vector_95
                0x000004ce                __vector_103
                0x000004ce                __vector_96
                0x000004ce                __vector_89
                0x000004ce                __vector_108
                0x000004ce                __vector_4
                0x000004ce                __vector_44
                0x000004ce                __vector_82
                0x000004ce                __vector_106
                0x000004ce                __vector_118
                0x000004ce                __vector_51
                0x000004ce                __vector_9
                0x000004ce                __vector_2
                0x000004ce                __vector_21
                0x000004ce                __vector_15
                0x000004ce                __vector_66
                0x000004ce                __vector_36
                0x000004ce                __vector_79
                0x000004ce                __vector_58
                0x000004ce                __vector_70
                0x000004ce                __vector_83
                0x000004ce                __vector_29
                0x000004ce                __vector_60
                0x000004ce                __vector_121
                0x000004ce                __vector_40
                0x000004ce                __vector_85
                0x000004ce                __vector_94
                0x000004ce                __vector_126
                0x000004ce                __vector_8
                0x000004ce                __vector_26
                0x000004ce                __vector_48
                0x000004ce                __vector_124
                0x000004ce                __vector_116
                0x000004ce                __vector_112
                0x000004ce                __vector_111
                0x000004ce                __vector_80
                0x000004ce                __vector_14
                0x000004ce                __vector_84
                0x000004ce                __vector_57
                0x000004ce                __vector_53
                0x000004ce                __vector_10
                0x000004ce                __vector_50
                0x000004ce                __vector_16
                0x000004ce                __vector_59
                0x000004ce                __vector_18
                0x000004ce                __vector_97
                0x000004ce                __vector_20
                0x000004ce                __vector_42
                0x000004ce                __vector_87
                0x000004ce                __vector_65
                0x000004ce                __vector_120
                0x000004d0                . = ALIGN (0x2)
 *(.text.*)
 .text.__portable_avr_delay_cycles
                0x000004d0       0x16 src/ASF/common/components/display/st7565r/st7565r.o
 .text.st7565r_init
                0x000004e6      0x388 src/ASF/common/components/display/st7565r/st7565r.o
                0x000004e6                st7565r_init
 .text.gfx_mono_st7565r_put_byte
                0x0000086e      0x14e src/ASF/common/services/gfx_mono/gfx_mono_c12832_a1z.o
                0x0000086e                gfx_mono_st7565r_put_byte
 .text.gfx_mono_st7565r_init
                0x000009bc       0x84 src/ASF/common/services/gfx_mono/gfx_mono_c12832_a1z.o
                0x000009bc                gfx_mono_st7565r_init
 .text.gfx_mono_st7565r_draw_pixel
                0x00000a40       0x6c src/ASF/common/services/gfx_mono/gfx_mono_c12832_a1z.o
                0x00000a40                gfx_mono_st7565r_draw_pixel
 .text.gfx_mono_st7565r_get_byte
                0x00000aac        0x4 src/ASF/common/services/gfx_mono/gfx_mono_c12832_a1z.o
                0x00000aac                gfx_mono_st7565r_get_byte
 .text.usart_spi_set_baudrate
                0x00000ab0       0x62 src/ASF/xmega/drivers/usart/usart.o
                0x00000ab0                usart_spi_set_baudrate
 .text.usart_init_spi
                0x00000b12      0x3c8 src/ASF/xmega/drivers/usart/usart.o
                0x00000b12                usart_init_spi
 .text.usart_spi_init
                0x00000eda       0x5e src/ASF/common/services/spi/xmega_usart_spi/usart_spi.o
                0x00000eda                usart_spi_init
 .text.usart_spi_setup_device
                0x00000f38       0x34 src/ASF/common/services/spi/xmega_usart_spi/usart_spi.o
                0x00000f38                usart_spi_setup_device
 .text.usart_spi_select_device
                0x00000f6c       0x2c src/ASF/common/services/spi/xmega_usart_spi/usart_spi.o
                0x00000f6c                usart_spi_select_device
 .text.usart_spi_deselect_device
                0x00000f98       0x2c src/ASF/common/services/spi/xmega_usart_spi/usart_spi.o
                0x00000f98                usart_spi_deselect_device
 .text.gfx_mono_set_framebuffer
                0x00000fc4        0xa src/ASF/common/services/gfx_mono/gfx_mono_framebuffer.o
                0x00000fc4                gfx_mono_set_framebuffer
 .text.gfx_mono_framebuffer_put_byte
                0x00000fce       0x1c src/ASF/common/services/gfx_mono/gfx_mono_framebuffer.o
                0x00000fce                gfx_mono_framebuffer_put_byte
 .text.gfx_mono_framebuffer_get_byte
                0x00000fea       0x1c src/ASF/common/services/gfx_mono/gfx_mono_framebuffer.o
                0x00000fea                gfx_mono_framebuffer_get_byte
 .text.gfx_mono_generic_draw_horizontal_line
                0x00001006       0xc4 src/ASF/common/services/gfx_mono/gfx_mono_generic.o
                0x00001006                gfx_mono_generic_draw_horizontal_line
 .text.gfx_mono_generic_draw_filled_rect
                0x000010ca       0x34 src/ASF/common/services/gfx_mono/gfx_mono_generic.o
                0x000010ca                gfx_mono_generic_draw_filled_rect
 .text.sysclk_enable_module
                0x000010fe       0x2c src/ASF/common/services/clock/xmega/sysclk.o
                0x000010fe                sysclk_enable_module
 .text.gfx_mono_draw_char
                0x0000112a       0xba src/ASF/common/services/gfx_mono/gfx_mono_text.o
                0x0000112a                gfx_mono_draw_char
 .text.gfx_mono_draw_string
                0x000011e4       0x52 src/ASF/common/services/gfx_mono/gfx_mono_text.o
                0x000011e4                gfx_mono_draw_string
 .text.ioport_configure_port_pin
                0x00001236       0x4e src/ASF/common/services/ioport/xmega/ioport_compat.o
                0x00001236                ioport_configure_port_pin
 .text.board_init
                0x00001284      0x13a src/ASF/xmega/boards/xmega_a3bu_xplained/init.o
                0x00001284                board_init
 .text.__portable_avr_delay_cycles
                0x000013be       0x16 src/main.o
 .text.main     0x000013d4      0x106 src/main.o
                0x000013d4                main
 .text.libgcc.div
                0x000014da       0x44 d:/atmel/studio/7.0/toolchain/avr8/avr8-gnu-toolchain/bin/../lib/gcc/avr/5.4.0/avrxmega6\libgcc.a(_udivmodsi4.o)
                0x000014da                __udivmodsi4
 .text.avr-libc
                0x0000151e       0x6c d:/atmel/studio/7.0/toolchain/avr8/avr8-gnu-toolchain/bin/../lib/gcc/avr/5.4.0/../../../../avr/lib/avrxmega6\libc.a(snprintf.o)
                0x0000151e                snprintf
 .text.avr-libc
                0x0000158a      0x3ee d:/atmel/studio/7.0/toolchain/avr8/avr8-gnu-toolchain/bin/../lib/gcc/avr/5.4.0/../../../../avr/lib/avrxmega6\libc.a(vfprintf_std.o)
                0x0000158a                vfprintf
 .text.avr-libc
                0x00001978       0x16 d:/atmel/studio/7.0/toolchain/avr8/avr8-gnu-toolchain/bin/../lib/gcc/avr/5.4.0/../../../../avr/lib/avrxmega6\libc.a(strnlen_P.o)
                0x00001978                strnlen_P
 .text.avr-libc
                0x0000198e       0x16 d:/atmel/studio/7.0/toolchain/avr8/avr8-gnu-toolchain/bin/../lib/gcc/avr/5.4.0/../../../../avr/lib/avrxmega6\libc.a(strnlen.o)
                0x0000198e                strnlen
 .text.avr-libc
                0x000019a4       0x78 d:/atmel/studio/7.0/toolchain/avr8/avr8-gnu-toolchain/bin/../lib/gcc/avr/5.4.0/../../../../avr/lib/avrxmega6\libc.a(fputc.o)
                0x000019a4                fputc
 .text.avr-libc
                0x00001a1c       0xbc d:/atmel/studio/7.0/toolchain/avr8/avr8-gnu-toolchain/bin/../lib/gcc/avr/5.4.0/../../../../avr/lib/avrxmega6\libc.a(ultoa_invert.o)
                0x00001a1c                __ultoa_invert
                0x00001ad8                . = ALIGN (0x2)
 *(.fini9)
 .fini9         0x00001ad8        0x0 d:/atmel/studio/7.0/toolchain/avr8/avr8-gnu-toolchain/bin/../lib/gcc/avr/5.4.0/avrxmega6\libgcc.a(_exit.o)
                0x00001ad8                _exit
                0x00001ad8                exit
 *(.fini9)
 *(.fini8)
 *(.fini8)
 *(.fini7)
 *(.fini7)
 *(.fini6)
 *(.fini6)
 *(.fini5)
 *(.fini5)
 *(.fini4)
 *(.fini4)
 *(.fini3)
 *(.fini3)
 *(.fini2)
 *(.fini2)
 *(.fini1)
 *(.fini1)
 *(.fini0)
 .fini0         0x00001ad8        0x4 d:/atmel/studio/7.0/toolchain/avr8/avr8-gnu-toolchain/bin/../lib/gcc/avr/5.4.0/avrxmega6\libgcc.a(_exit.o)
 *(.fini0)
                0x00001adc                _etext = .

.data           0x00802000       0x2a load address 0x00001adc
                0x00802000                PROVIDE (__data_start, .)
 *(.data)
 *(.data*)
 .data.sysfont  0x00802000        0x7 src/ASF/common/services/gfx_mono/sysfont.o
                0x00802000                sysfont
 *(.gnu.linkonce.d*)
 *(.rodata)
 *(.rodata*)
 .rodata.str1.1
                0x00802007       0x23 src/main.o
 *(.gnu.linkonce.r*)
                0x0080202a                . = ALIGN (0x2)
                0x0080202a                _edata = .
                0x0080202a                PROVIDE (__data_end, .)

.bss            0x0080202a      0x282
                0x0080202a                PROVIDE (__bss_start, .)
 *(.bss)
 *(.bss*)
 .bss.framebuffer
                0x0080202a      0x200 src/ASF/common/services/gfx_mono/gfx_mono_c12832_a1z.o
 .bss.fbpointer
                0x0080222a        0x2 src/ASF/common/services/gfx_mono/gfx_mono_framebuffer.o
 .bss.strbuf    0x0080222c       0x80 src/main.o
 *(COMMON)
                0x008022ac                PROVIDE (__bss_end, .)
                0x00001adc                __data_load_start = LOADADDR (.data)
                0x00001b06                __data_load_end = (__data_load_start + SIZEOF (.data))

.noinit         0x008022ac        0x0
                [!provide]                PROVIDE (__noinit_start, .)
 *(.noinit*)
                [!provide]                PROVIDE (__noinit_end, .)
                0x008022ac                _end = .
                [!provide]                PROVIDE (__heap_start, .)

.eeprom         0x00810000        0x0
 *(.eeprom*)
                0x00810000                __eeprom_end = .

.fuse
 *(.fuse)
 *(.lfuse)
 *(.hfuse)
 *(.efuse)

.lock
 *(.lock*)

.signature
 *(.signature*)

.user_signatures
 *(.user_signatures*)

.stab
 *(.stab)

.stabstr
 *(.stabstr)

.stab.excl
 *(.stab.excl)

.stab.exclstr
 *(.stab.exclstr)

.stab.index
 *(.stab.index)

.stab.indexstr
 *(.stab.indexstr)

.comment        0x00000000       0x5c
 *(.comment)
 .comment       0x00000000       0x30 src/ASF/common/components/display/st7565r/st7565r.o
                                 0x31 (size before relaxing)
 .comment       0x00000030       0x31 src/ASF/common/services/gfx_mono/gfx_mono_c12832_a1z.o
 .comment       0x00000030       0x31 src/ASF/xmega/drivers/usart/usart.o
 .comment       0x00000030       0x31 src/ASF/common/services/spi/xmega_usart_spi/usart_spi.o
 .comment       0x00000030       0x31 src/ASF/common/services/gfx_mono/gfx_mono_framebuffer.o
 .comment       0x00000030       0x31 src/ASF/common/services/gfx_mono/gfx_mono_generic.o
 .comment       0x00000030       0x31 src/ASF/common/services/clock/xmega/sysclk.o
 .comment       0x00000030       0x31 src/ASF/common/services/gfx_mono/gfx_mono_text.o
 .comment       0x00000030       0x31 src/ASF/common/services/gfx_mono/sysfont.o
 .comment       0x00000030       0x31 src/ASF/common/services/ioport/xmega/ioport_compat.o
 .comment       0x00000030       0x31 src/ASF/xmega/boards/xmega_a3bu_xplained/init.o
 .comment       0x00000030       0x31 src/main.o
 .comment       0x00000030       0x31 d:/atmel/studio/7.0/toolchain/avr8/avr8-gnu-toolchain/bin/../lib/gcc/avr/5.4.0/../../../../avr/lib/avrxmega6\libc.a(snprintf.o)
 .comment       0x00000030       0x2c d:/atmel/studio/7.0/toolchain/avr8/avr8-gnu-toolchain/bin/../lib/gcc/avr/5.4.0/../../../../avr/lib/avrxmega6\libc.a(vfprintf_std.o)
                                 0x2d (size before relaxing)
 .comment       0x0000005c       0x31 d:/atmel/studio/7.0/toolchain/avr8/avr8-gnu-toolchain/bin/../lib/gcc/avr/5.4.0/../../../../avr/lib/avrxmega6\libc.a(fputc.o)

.note.gnu.avr.deviceinfo
                0x00000000       0x44
 .note.gnu.avr.deviceinfo
                0x00000000       0x44 D:/Atmel/Studio/7.0/Packs/atmel/XMEGAA_DFP/1.1.68/gcc/dev/atxmega256a3bu/avrxmega6/crtatxmega256a3bu.o

.note.gnu.build-id
 *(.note.gnu.build-id)

.debug
 *(.debug)

.line
 *(.line)

.debug_srcinfo
 *(.debug_srcinfo)

.debug_sfnames
 *(.debug_sfnames)

.debug_aranges  0x00000000      0x2d8
 *(.debug_aranges)
 .debug_aranges
                0x00000000       0x28 src/ASF/common/components/display/st7565r/st7565r.o
 .debug_aranges
                0x00000028       0x60 src/ASF/common/services/gfx_mono/gfx_mono_c12832_a1z.o
 .debug_aranges
                0x00000088       0x58 src/ASF/xmega/drivers/usart/usart.o
 .debug_aranges
                0x000000e0       0x48 src/ASF/common/services/spi/xmega_usart_spi/usart_spi.o
 .debug_aranges
                0x00000128       0x58 src/ASF/common/services/gfx_mono/gfx_mono_framebuffer.o
 .debug_aranges
                0x00000180       0x58 src/ASF/common/services/gfx_mono/gfx_mono_generic.o
 .debug_aranges
                0x000001d8       0x40 src/ASF/common/services/clock/xmega/sysclk.o
 .debug_aranges
                0x00000218       0x40 src/ASF/common/services/gfx_mono/gfx_mono_text.o
 .debug_aranges
                0x00000258       0x18 src/ASF/common/services/gfx_mono/sysfont.o
 .debug_aranges
                0x00000270       0x20 src/ASF/common/services/ioport/xmega/ioport_compat.o
 .debug_aranges
                0x00000290       0x20 src/ASF/xmega/boards/xmega_a3bu_xplained/init.o
 .debug_aranges
                0x000002b0       0x28 src/main.o

.debug_pubnames
 *(.debug_pubnames)

.debug_info     0x00000000     0xd72c
 *(.debug_info .gnu.linkonce.wi.*)
 .debug_info    0x00000000     0x3379 D:/Atmel/Studio/7.0/Packs/atmel/XMEGAA_DFP/1.1.68/gcc/dev/atxmega256a3bu/avrxmega6/crtatxmega256a3bu.o
 .debug_info    0x00003379     0x1945 src/ASF/common/components/display/st7565r/st7565r.o
 .debug_info    0x00004cbe     0x1de2 src/ASF/common/services/gfx_mono/gfx_mono_c12832_a1z.o
 .debug_info    0x00006aa0     0x2ce0 src/ASF/xmega/drivers/usart/usart.o
 .debug_info    0x00009780      0xb7e src/ASF/common/services/spi/xmega_usart_spi/usart_spi.o
 .debug_info    0x0000a2fe      0x487 src/ASF/common/services/gfx_mono/gfx_mono_framebuffer.o
 .debug_info    0x0000a785      0xc0a src/ASF/common/services/gfx_mono/gfx_mono_generic.o
 .debug_info    0x0000b38f      0x71c src/ASF/common/services/clock/xmega/sysclk.o
 .debug_info    0x0000baab      0x715 src/ASF/common/services/gfx_mono/gfx_mono_text.o
 .debug_info    0x0000c1c0      0x1af src/ASF/common/services/gfx_mono/sysfont.o
 .debug_info    0x0000c36f      0x121 src/ASF/common/services/ioport/xmega/ioport_compat.o
 .debug_info    0x0000c490      0xaeb src/ASF/xmega/boards/xmega_a3bu_xplained/init.o
 .debug_info    0x0000cf7b      0x7b1 src/main.o

.debug_abbrev   0x00000000     0x4a58
 *(.debug_abbrev)
 .debug_abbrev  0x00000000     0x30c4 D:/Atmel/Studio/7.0/Packs/atmel/XMEGAA_DFP/1.1.68/gcc/dev/atxmega256a3bu/avrxmega6/crtatxmega256a3bu.o
 .debug_abbrev  0x000030c4      0x2a0 src/ASF/common/components/display/st7565r/st7565r.o
 .debug_abbrev  0x00003364      0x385 src/ASF/common/services/gfx_mono/gfx_mono_c12832_a1z.o
 .debug_abbrev  0x000036e9      0x3f5 src/ASF/xmega/drivers/usart/usart.o
 .debug_abbrev  0x00003ade      0x2d8 src/ASF/common/services/spi/xmega_usart_spi/usart_spi.o
 .debug_abbrev  0x00003db6      0x174 src/ASF/common/services/gfx_mono/gfx_mono_framebuffer.o
 .debug_abbrev  0x00003f2a      0x1ac src/ASF/common/services/gfx_mono/gfx_mono_generic.o
 .debug_abbrev  0x000040d6      0x218 src/ASF/common/services/clock/xmega/sysclk.o
 .debug_abbrev  0x000042ee      0x22b src/ASF/common/services/gfx_mono/gfx_mono_text.o
 .debug_abbrev  0x00004519       0xe2 src/ASF/common/services/gfx_mono/sysfont.o
 .debug_abbrev  0x000045fb       0x95 src/ASF/common/services/ioport/xmega/ioport_compat.o
 .debug_abbrev  0x00004690      0x14a src/ASF/xmega/boards/xmega_a3bu_xplained/init.o
 .debug_abbrev  0x000047da      0x27e src/main.o

.debug_line     0x00000000     0x6cdf
 *(.debug_line .debug_line.* .debug_line_end)
 .debug_line    0x00000000      0x39d D:/Atmel/Studio/7.0/Packs/atmel/XMEGAA_DFP/1.1.68/gcc/dev/atxmega256a3bu/avrxmega6/crtatxmega256a3bu.o
 .debug_line    0x0000039d      0xa73 src/ASF/common/components/display/st7565r/st7565r.o
 .debug_line    0x00000e10      0xd57 src/ASF/common/services/gfx_mono/gfx_mono_c12832_a1z.o
 .debug_line    0x00001b67      0xc4d src/ASF/xmega/drivers/usart/usart.o
 .debug_line    0x000027b4      0x786 src/ASF/common/services/spi/xmega_usart_spi/usart_spi.o
 .debug_line    0x00002f3a      0x8c8 src/ASF/common/services/gfx_mono/gfx_mono_framebuffer.o
 .debug_line    0x00003802      0xbb4 src/ASF/common/services/gfx_mono/gfx_mono_generic.o
 .debug_line    0x000043b6      0x5e0 src/ASF/common/services/clock/xmega/sysclk.o
 .debug_line    0x00004996      0x952 src/ASF/common/services/gfx_mono/gfx_mono_text.o
 .debug_line    0x000052e8      0x772 src/ASF/common/services/gfx_mono/sysfont.o
 .debug_line    0x00005a5a      0x464 src/ASF/common/services/ioport/xmega/ioport_compat.o
 .debug_line    0x00005ebe      0x48f src/ASF/xmega/boards/xmega_a3bu_xplained/init.o
 .debug_line    0x0000634d      0x992 src/main.o

.debug_frame    0x00000000      0x914
 *(.debug_frame)
 .debug_frame   0x00000000       0x68 src/ASF/common/components/display/st7565r/st7565r.o
 .debug_frame   0x00000068      0x1b4 src/ASF/common/services/gfx_mono/gfx_mono_c12832_a1z.o
 .debug_frame   0x0000021c      0x14c src/ASF/xmega/drivers/usart/usart.o
 .debug_frame   0x00000368       0x90 src/ASF/common/services/spi/xmega_usart_spi/usart_spi.o
 .debug_frame   0x000003f8       0xd0 src/ASF/common/services/gfx_mono/gfx_mono_framebuffer.o
 .debug_frame   0x000004c8      0x214 src/ASF/common/services/gfx_mono/gfx_mono_generic.o
 .debug_frame   0x000006dc       0x94 src/ASF/common/services/clock/xmega/sysclk.o
 .debug_frame   0x00000770      0x100 src/ASF/common/services/gfx_mono/gfx_mono_text.o
 .debug_frame   0x00000870       0x30 src/ASF/common/services/ioport/xmega/ioport_compat.o
 .debug_frame   0x000008a0       0x24 src/ASF/xmega/boards/xmega_a3bu_xplained/init.o
 .debug_frame   0x000008c4       0x50 src/main.o

.debug_str      0x00000000    0x326ff
 *(.debug_str)
 .debug_str     0x00000000     0x21e4 D:/Atmel/Studio/7.0/Packs/atmel/XMEGAA_DFP/1.1.68/gcc/dev/atxmega256a3bu/avrxmega6/crtatxmega256a3bu.o
 .debug_str     0x000021e4    0x2c67d src/ASF/common/components/display/st7565r/st7565r.o
                              0x2ced0 (size before relaxing)
 .debug_str     0x0002e861      0xc05 src/ASF/common/services/gfx_mono/gfx_mono_c12832_a1z.o
                              0x2d7d1 (size before relaxing)
 .debug_str     0x0002f466      0xd11 src/ASF/xmega/drivers/usart/usart.o
                              0x2cfe4 (size before relaxing)
 .debug_str     0x00030177       0x87 src/ASF/common/services/spi/xmega_usart_spi/usart_spi.o
                              0x2c4a5 (size before relaxing)
 .debug_str     0x000301fe       0xba src/ASF/common/services/gfx_mono/gfx_mono_framebuffer.o
                              0x2d3ec (size before relaxing)
 .debug_str     0x000302b8      0x213 src/ASF/common/services/gfx_mono/gfx_mono_generic.o
                              0x2d52f (size before relaxing)
 .debug_str     0x000304cb      0x2f9 src/ASF/common/services/clock/xmega/sysclk.o
                              0x2bcaf (size before relaxing)
 .debug_str     0x000307c4      0x233 src/ASF/common/services/gfx_mono/gfx_mono_text.o
                              0x2d4c3 (size before relaxing)
 .debug_str     0x000309f7     0x10b0 src/ASF/common/services/gfx_mono/sysfont.o
                              0x2e320 (size before relaxing)
 .debug_str     0x00031aa7       0x77 src/ASF/common/services/ioport/xmega/ioport_compat.o
                              0x2994e (size before relaxing)
 .debug_str     0x00031b1e       0xf7 src/ASF/xmega/boards/xmega_a3bu_xplained/init.o
                              0x2b5dd (size before relaxing)
 .debug_str     0x00031c15      0xaea src/main.o
                              0x2f283 (size before relaxing)

.debug_loc      0x00000000     0x5831
 *(.debug_loc)
 .debug_loc     0x00000000      0x7c9 src/ASF/common/components/display/st7565r/st7565r.o
 .debug_loc     0x000007c9     0x1382 src/ASF/common/services/gfx_mono/gfx_mono_c12832_a1z.o
 .debug_loc     0x00001b4b      0xe14 src/ASF/xmega/drivers/usart/usart.o
 .debug_loc     0x0000295f      0x56c src/ASF/common/services/spi/xmega_usart_spi/usart_spi.o
 .debug_loc     0x00002ecb      0x61c src/ASF/common/services/gfx_mono/gfx_mono_framebuffer.o
 .debug_loc     0x000034e7     0x11c5 src/ASF/common/services/gfx_mono/gfx_mono_generic.o
 .debug_loc     0x000046ac      0x2c5 src/ASF/common/services/clock/xmega/sysclk.o
 .debug_loc     0x00004971      0x9a2 src/ASF/common/services/gfx_mono/gfx_mono_text.o
 .debug_loc     0x00005313       0x66 src/ASF/common/services/ioport/xmega/ioport_compat.o
 .debug_loc     0x00005379      0x3fa src/ASF/xmega/boards/xmega_a3bu_xplained/init.o
 .debug_loc     0x00005773       0xbe src/main.o

.debug_macinfo
 *(.debug_macinfo)

.debug_weaknames
 *(.debug_weaknames)

.debug_funcnames
 *(.debug_funcnames)

.debug_typenames
 *(.debug_typenames)

.debug_varnames
 *(.debug_varnames)

.debug_pubtypes
 *(.debug_pubtypes)

.debug_ranges   0x00000000      0x440
 *(.debug_ranges)
 .debug_ranges  0x00000000       0x18 src/ASF/common/components/display/st7565r/st7565r.o
 .debug_ranges  0x00000018      0x188 src/ASF/common/services/gfx_mono/gfx_mono_c12832_a1z.o
 .debug_ranges  0x000001a0       0x80 src/ASF/xmega/drivers/usart/usart.o
 .debug_ranges  0x00000220       0x98 src/ASF/common/services/spi/xmega_usart_spi/usart_spi.o
 .debug_ranges  0x000002b8       0x48 src/ASF/common/services/gfx_mono/gfx_mono_framebuffer.o
 .debug_ranges  0x00000300       0x48 src/ASF/common/services/gfx_mono/gfx_mono_generic.o
 .debug_ranges  0x00000348       0x30 src/ASF/common/services/clock/xmega/sysclk.o
 .debug_ranges  0x00000378       0x30 src/ASF/common/services/gfx_mono/gfx_mono_text.o
 .debug_ranges  0x000003a8       0x10 src/ASF/common/services/ioport/xmega/ioport_compat.o
 .debug_ranges  0x000003b8       0x10 src/ASF/xmega/boards/xmega_a3bu_xplained/init.o
 .debug_ranges  0x000003c8       0x78 src/main.o

.debug_macro    0x00000000     0xbe41
 *(.debug_macro)
 .debug_macro   0x00000000      0x276 src/ASF/common/components/display/st7565r/st7565r.o
 .debug_macro   0x00000276      0xa9c src/ASF/common/components/display/st7565r/st7565r.o
 .debug_macro   0x00000d12       0x10 src/ASF/common/components/display/st7565r/st7565r.o
 .debug_macro   0x00000d22      0x1c9 src/ASF/common/components/display/st7565r/st7565r.o
 .debug_macro   0x00000eeb      0x2fc src/ASF/common/components/display/st7565r/st7565r.o
 .debug_macro   0x000011e7       0x9e src/ASF/common/components/display/st7565r/st7565r.o
 .debug_macro   0x00001285     0x6271 src/ASF/common/components/display/st7565r/st7565r.o
 .debug_macro   0x000074f6       0x9a src/ASF/common/components/display/st7565r/st7565r.o
 .debug_macro   0x00007590       0xf1 src/ASF/common/components/display/st7565r/st7565r.o
 .debug_macro   0x00007681       0x34 src/ASF/common/components/display/st7565r/st7565r.o
 .debug_macro   0x000076b5       0x16 src/ASF/common/components/display/st7565r/st7565r.o
 .debug_macro   0x000076cb       0x18 src/ASF/common/components/display/st7565r/st7565r.o
 .debug_macro   0x000076e3       0x5e src/ASF/common/components/display/st7565r/st7565r.o
 .debug_macro   0x00007741       0x10 src/ASF/common/components/display/st7565r/st7565r.o
 .debug_macro   0x00007751       0x22 src/ASF/common/components/display/st7565r/st7565r.o
 .debug_macro   0x00007773      0x16d src/ASF/common/components/display/st7565r/st7565r.o
 .debug_macro   0x000078e0       0x1c src/ASF/common/components/display/st7565r/st7565r.o
 .debug_macro   0x000078fc       0x35 src/ASF/common/components/display/st7565r/st7565r.o
 .debug_macro   0x00007931       0x66 src/ASF/common/components/display/st7565r/st7565r.o
 .debug_macro   0x00007997      0x708 src/ASF/common/components/display/st7565r/st7565r.o
 .debug_macro   0x0000809f       0x96 src/ASF/common/components/display/st7565r/st7565r.o
 .debug_macro   0x00008135       0x17 src/ASF/common/components/display/st7565r/st7565r.o
 .debug_macro   0x0000814c      0x250 src/ASF/common/components/display/st7565r/st7565r.o
 .debug_macro   0x0000839c       0x76 src/ASF/common/components/display/st7565r/st7565r.o
 .debug_macro   0x00008412       0x16 src/ASF/common/components/display/st7565r/st7565r.o
 .debug_macro   0x00008428      0x6d9 src/ASF/common/components/display/st7565r/st7565r.o
 .debug_macro   0x00008b01       0x10 src/ASF/common/components/display/st7565r/st7565r.o
 .debug_macro   0x00008b11      0x175 src/ASF/common/components/display/st7565r/st7565r.o
 .debug_macro   0x00008c86       0x40 src/ASF/common/components/display/st7565r/st7565r.o
 .debug_macro   0x00008cc6       0x69 src/ASF/common/components/display/st7565r/st7565r.o
 .debug_macro   0x00008d2f       0x31 src/ASF/common/components/display/st7565r/st7565r.o
 .debug_macro   0x00008d60       0xe4 src/ASF/common/components/display/st7565r/st7565r.o
 .debug_macro   0x00008e44       0x22 src/ASF/common/components/display/st7565r/st7565r.o
 .debug_macro   0x00008e66      0x2d8 src/ASF/common/components/display/st7565r/st7565r.o
 .debug_macro   0x0000913e      0x2ff src/ASF/common/components/display/st7565r/st7565r.o
 .debug_macro   0x0000943d       0x79 src/ASF/common/components/display/st7565r/st7565r.o
 .debug_macro   0x000094b6       0x2f src/ASF/common/components/display/st7565r/st7565r.o
 .debug_macro   0x000094e5      0x154 src/ASF/common/components/display/st7565r/st7565r.o
 .debug_macro   0x00009639       0x82 src/ASF/common/components/display/st7565r/st7565r.o
 .debug_macro   0x000096bb      0x102 src/ASF/common/components/display/st7565r/st7565r.o
 .debug_macro   0x000097bd       0x28 src/ASF/common/components/display/st7565r/st7565r.o
 .debug_macro   0x000097e5       0x22 src/ASF/common/components/display/st7565r/st7565r.o
 .debug_macro   0x00009807       0x3a src/ASF/common/components/display/st7565r/st7565r.o
 .debug_macro   0x00009841       0xf6 src/ASF/common/components/display/st7565r/st7565r.o
 .debug_macro   0x00009937       0x34 src/ASF/common/components/display/st7565r/st7565r.o
 .debug_macro   0x0000996b       0x2e src/ASF/common/components/display/st7565r/st7565r.o
 .debug_macro   0x00009999      0x2ba src/ASF/common/services/gfx_mono/gfx_mono_c12832_a1z.o
 .debug_macro   0x00009c53       0x75 src/ASF/common/services/gfx_mono/gfx_mono_c12832_a1z.o
 .debug_macro   0x00009cc8       0x88 src/ASF/common/services/gfx_mono/gfx_mono_c12832_a1z.o
 .debug_macro   0x00009d50      0x221 src/ASF/xmega/drivers/usart/usart.o
 .debug_macro   0x00009f71      0x302 src/ASF/xmega/drivers/usart/usart.o
 .debug_macro   0x0000a273      0x234 src/ASF/common/services/spi/xmega_usart_spi/usart_spi.o
 .debug_macro   0x0000a4a7      0x2ae src/ASF/common/services/gfx_mono/gfx_mono_framebuffer.o
 .debug_macro   0x0000a755      0x2ae src/ASF/common/services/gfx_mono/gfx_mono_generic.o
 .debug_macro   0x0000aa03      0x1db src/ASF/common/services/clock/xmega/sysclk.o
 .debug_macro   0x0000abde       0x26 src/ASF/common/services/clock/xmega/sysclk.o
 .debug_macro   0x0000ac04      0x2d5 src/ASF/common/services/gfx_mono/gfx_mono_text.o
 .debug_macro   0x0000aed9       0xaa src/ASF/common/services/gfx_mono/gfx_mono_text.o
 .debug_macro   0x0000af83      0x2db src/ASF/common/services/gfx_mono/sysfont.o
 .debug_macro   0x0000b25e       0x3a src/ASF/common/services/gfx_mono/sysfont.o
 .debug_macro   0x0000b298      0x193 src/ASF/common/services/ioport/xmega/ioport_compat.o
 .debug_macro   0x0000b42b      0x1b5 src/ASF/xmega/boards/xmega_a3bu_xplained/init.o
 .debug_macro   0x0000b5e0       0x2e src/ASF/xmega/boards/xmega_a3bu_xplained/init.o
 .debug_macro   0x0000b60e      0x2d2 src/ASF/xmega/boards/xmega_a3bu_xplained/init.o
 .debug_macro   0x0000b8e0      0x35b src/main.o
 .debug_macro   0x0000bc3b       0x34 src/main.o
 .debug_macro   0x0000bc6f       0x16 src/main.o
 .debug_macro   0x0000bc85       0x46 src/main.o
 .debug_macro   0x0000bccb       0x1c src/main.o
 .debug_macro   0x0000bce7       0x58 src/main.o
 .debug_macro   0x0000bd3f       0x10 src/main.o
 .debug_macro   0x0000bd4f       0xf2 src/main.o
OUTPUT(Praktikum1.elf elf32-avr)
LOAD linker stubs

.BOOT           0x00040000        0x0
